// Vitest Snapshot v1, https://vitest.dev/guide/snapshot.html

exports[`orchestrator composition rules > generates prompt bullets from the same functions as the rails 1`] = `
"- Always rewrite the operator's prompt into a behavior-level brief first. That brief is "refinedRequest" and becomes the run request: state the user goal and the observable behavior to deliver, keep every explicit requirement and named interface, format, compatibility, or scope constraint verbatim, keep stated or strongly implied edge cases (empty states, errors, boundaries, retries, lifecycle), and keep any testable acceptance evidence the request provides. Do not prescribe implementation in the brief: never add repository paths, filenames, components, symbols, test IDs, APIs, libraries, architecture, data models, or an implementation sequence the operator did not state — downstream agents inspect the repository and decide how. A path or implementation detail belongs in the brief only when the operator wrote it.
- Every implementation phase using a build envelope, and every write-capable review phase, is proven before any commit. When Project commands are listed, immediately follow the agent with a code phase using one {"ref": ...} and set "feedbackTo" to the phase that owns a failure. When no Project command exists, put a configured "command_passes" gate on the agent instead. A new scaffold with no command yet is the only exception.
- Reviewer/verifier agent phases carry the "verdict_consistent" and "disapproval_halts" gates.
- A write-capable review or finisher that is followed by a PR must itself be followed by a read-only review phase before open_pr. Builtin sdlc-pr is the shape.
- **Every agent phase names its own model and reasoning level.** Set "model" to one of the configured cast-pool ids you are shown and set "reasoningEffort" to one of that model's listed efforts. Choose both for that phase's work: give design, review, and hard implementation the strongest models and reasoning, and hand mechanical or narrowly scoped work a smaller model and lower effort. Never omit "model", write "inherit", or leave the model choice to the agent, roster, or install default — a plan with an unnamed model is rejected.
- A proof code phase's "feedbackTo" names the earlier agent phase that owns the fix.
- Proof code phases that run a project command ({"ref":"test"}, lint, typecheck, or any listed proof command) set "flakeRerun": 2 so a flaky check is re-run without edits before healing. Do not set 0 on a proof phase.
- Acceptance is {"kind":"envelope_status","phase":<final PR phase>} when the plan ends in a PR phase, otherwise {"kind":"all_phases_pass"}.
- Prefer roster agents when the supplied purpose, envelope, write boundary, and tool profile all fit. Do not assume capabilities that are not in their summary. Unrestricted roster writes (shown as "unrestricted") do not fit a path-bounded request — do not appoint that agent just because its purpose is "implement".
- A synthesized agent gets a one-line purpose, a tight "writes" boundary containing only paths its phase must touch, and never the name of a roster agent. When the request names the files or directories to touch, synthesize the implementation agent rather than using an unrestricted roster builder. A synthesized judge-only reviewer uses "writes":[] and "toolProfile":"read-only". Use the build envelope for implementation agents. Foundry appends the canonical envelope constitution to the synthesized systemPrompt after you submit.
- A synthesized agent's systemPrompt states its purpose, write boundary, and the envelope fields it must fill — not a one-word instruction. A judge-only reviewer (writes: []) mentions read-only or git_diff. userPrompt includes {{request}} so phase inputs land in context.
- Phase names are lowercase snake_case and unique; pipeline ids are chosen by Foundry, not by you.
- Never emit an engineer/checkpoint phase.
- When the cast pool spans two or more provider prefixes, prefer a different family for the first review than the last build. Using the same prefix is allowed but warned."
`;
