// Vitest Snapshot v1, https://vitest.dev/guide/snapshot.html

exports[`orchestrator composition rules > generates prompt bullets from the same functions as the rails 1`] = `
"- Always rewrite the operator's prompt into a full brief first. That brief is "refinedRequest" and becomes the run request; keep every constraint the operator stated.
- Every implementation phase using a build envelope, and every write-capable review phase, is proven before any commit. When Project commands are listed, immediately follow the agent with a code phase using one {"ref": ...} and set "feedbackTo" to the phase that owns a failure. When no Project command exists, put a configured "command_passes" gate on the agent instead. A new scaffold with no command yet is the only exception.
- Reviewer/verifier agent phases carry the "verdict_consistent" and "disapproval_halts" gates.
- A write-capable review or finisher that is followed by a PR must itself be followed by a read-only review phase before open_pr. Builtin sdlc-pr is the shape.
- **Every agent phase names its own model and reasoning level.** Set "model" to one of the configured cast-pool ids you are shown and set "reasoningEffort" to one of that model's listed efforts. Choose both for that phase's work: give design, review, and hard implementation the strongest models and reasoning, and hand mechanical or narrowly scoped work a smaller model and lower effort. Never omit "model", write "inherit", or leave the model choice to the agent, roster, or install default — a plan with an unnamed model is rejected.
- A proof code phase's "feedbackTo" names the earlier agent phase that owns the fix.
- Acceptance is {"kind":"envelope_status","phase":<final PR phase>} when the plan ends in a PR phase, otherwise {"kind":"all_phases_pass"}.
- Prefer roster agents when the supplied purpose, envelope, write boundary, and tool profile fit. Do not assume capabilities that are not in their summary.
- A synthesized agent gets a one-line purpose, a tight "writes" boundary containing only paths its phase must touch, and never the name of a roster agent. A synthesized judge-only reviewer uses "writes":[] and "toolProfile":"read-only". Use the build envelope for implementation agents. Foundry appends the canonical envelope constitution to the synthesized systemPrompt after you submit.
- A synthesized agent's systemPrompt states its purpose, write boundary, and the envelope fields it must fill — not a one-word instruction. A judge-only reviewer (writes: []) mentions read-only or git_diff. userPrompt includes {{request}} so phase inputs land in context.
- Phase names are lowercase snake_case and unique; pipeline ids are chosen by Foundry, not by you.
- Never emit an engineer/checkpoint phase.
- When the cast pool spans two or more provider prefixes, prefer a different family for the first review than the last build. Using the same prefix is allowed but warned."
`;
